2026-05-17 09:24:10.946 -06:00 [INF] HTTP GET /api/invoices/search responded 401 in 54.9090 ms
2026-05-17 09:24:10.985 -06:00 [INF] HTTP GET /api/invoices/search responded 401 in 4.3335 ms
2026-05-17 09:24:11.119 -06:00 [INF] HTTP POST /api/auth/refresh responded 401 in 117.3790 ms
2026-05-17 09:24:11.119 -06:00 [INF] HTTP POST /api/auth/refresh responded 401 in 111.0443 ms
2026-05-17 09:24:14.976 -06:00 [WRN] Compiling a query which loads related collections for more than one collection navigation, either via 'Include' or through projection, but no 'QuerySplittingBehavior' has been configured. By default, Entity Framework will use 'QuerySplittingBehavior.SingleQuery', which can potentially result in slow query performance. See https://go.microsoft.com/fwlink/?linkid=2134277 for more information. To identify the query that's triggering this warning call 'ConfigureWarnings(w => w.Throw(RelationalEventId.MultipleCollectionIncludeWarning))'.
2026-05-17 09:24:15.133 -06:00 [INF] HTTP POST /api/auth/login responded 200 in 1465.3763 ms
2026-05-17 09:24:17.792 -06:00 [INF] HTTP GET /api/reservations responded 200 in 180.1570 ms
2026-05-17 09:24:17.808 -06:00 [INF] HTTP GET /api/reservations responded 200 in 9.6116 ms
2026-05-17 09:24:20.388 -06:00 [INF] HTTP GET /api/reservations responded 200 in 116.8513 ms
2026-05-17 09:24:20.400 -06:00 [INF] HTTP GET /api/reservations responded 200 in 5.0759 ms
2026-05-17 09:24:22.793 -06:00 [INF] HTTP POST /api/reservations/checkout/019e31e2-afb2-7b28-aaac-5dced9493f36 responded 200 in 417.7213 ms
2026-05-17 09:24:25.747 -06:00 [INF] HTTP GET /api/reservations responded 200 in 7.1466 ms
2026-05-17 09:24:25.758 -06:00 [INF] HTTP GET /api/reservations responded 200 in 4.2542 ms
2026-05-17 09:24:27.109 -06:00 [INF] HTTP GET /api/reservations responded 200 in 7.2812 ms
2026-05-17 09:24:27.118 -06:00 [INF] HTTP GET /api/reservations responded 200 in 4.4728 ms
2026-05-17 09:24:28.735 -06:00 [INF] HTTP POST /api/reservations/checkout/019e33ce-e054-78bd-9893-b6e2a0a74135 responded 200 in 17.1158 ms
2026-05-17 09:24:29.438 -06:00 [INF] HTTP GET /api/reservations responded 200 in 6.7705 ms
2026-05-17 09:24:29.450 -06:00 [INF] HTTP GET /api/reservations responded 200 in 4.3304 ms
2026-05-17 09:24:30.568 -06:00 [INF] HTTP GET /api/reservations responded 200 in 6.5229 ms
2026-05-17 09:24:30.580 -06:00 [INF] HTTP GET /api/reservations responded 200 in 5.7719 ms
2026-05-17 09:24:32.176 -06:00 [INF] HTTP POST /api/reservations/checkout/019e3254-ded5-74f8-ab52-3a8d891632e1 responded 200 in 14.3959 ms
2026-05-17 09:24:32.839 -06:00 [INF] HTTP GET /api/reservations responded 200 in 8.5959 ms
2026-05-17 09:24:32.857 -06:00 [INF] HTTP GET /api/reservations responded 200 in 6.8889 ms
2026-05-17 09:24:33.653 -06:00 [INF] HTTP GET /api/reservations responded 200 in 5.5287 ms
2026-05-17 09:24:33.667 -06:00 [INF] HTTP GET /api/reservations responded 200 in 6.2017 ms
2026-05-17 09:24:35.097 -06:00 [INF] HTTP POST /api/reservations/checkout/019e31fd-6f0c-79ea-bafc-b00f1ff8dbf6 responded 200 in 40.0653 ms
2026-05-17 09:24:35.823 -06:00 [INF] HTTP GET /api/reservations responded 200 in 6.5335 ms
2026-05-17 09:24:35.844 -06:00 [INF] HTTP GET /api/reservations responded 200 in 10.3291 ms
2026-05-17 09:24:36.904 -06:00 [INF] HTTP GET /api/reservations responded 200 in 4.8789 ms
2026-05-17 09:24:36.916 -06:00 [INF] HTTP GET /api/reservations responded 200 in 5.2199 ms
2026-05-17 09:24:38.202 -06:00 [INF] HTTP POST /api/reservations/checkout/019e323f-c611-7a20-87ef-a5e555921394 responded 200 in 19.3563 ms
2026-05-17 09:24:39.007 -06:00 [INF] HTTP GET /api/reservations responded 200 in 5.7877 ms
2026-05-17 09:24:39.020 -06:00 [INF] HTTP GET /api/reservations responded 200 in 6.1382 ms
2026-05-17 09:24:39.796 -06:00 [INF] HTTP GET /api/reservations responded 200 in 8.2656 ms
2026-05-17 09:24:39.805 -06:00 [INF] HTTP GET /api/reservations responded 200 in 4.8656 ms
2026-05-17 09:24:41.017 -06:00 [INF] HTTP POST /api/reservations/checkout/019e3409-4eeb-7202-8cc5-6ea956e01bde responded 200 in 59.9027 ms
2026-05-17 09:24:41.675 -06:00 [INF] HTTP GET /api/reservations responded 200 in 5.4300 ms
2026-05-17 09:24:41.691 -06:00 [INF] HTTP GET /api/reservations responded 200 in 6.5564 ms
2026-05-17 09:24:42.732 -06:00 [INF] HTTP GET /api/reservations responded 200 in 4.3577 ms
2026-05-17 09:24:42.746 -06:00 [INF] HTTP GET /api/reservations responded 200 in 5.7534 ms
2026-05-17 09:24:43.776 -06:00 [INF] HTTP POST /api/reservations/checkout/019e3220-1c91-7758-91e1-6dd4c6df46ab responded 200 in 44.6391 ms
2026-05-17 09:24:44.455 -06:00 [INF] HTTP GET /api/reservations responded 200 in 6.1972 ms
2026-05-17 09:24:44.467 -06:00 [INF] HTTP GET /api/reservations responded 200 in 5.8049 ms
2026-05-17 09:24:45.244 -06:00 [INF] HTTP GET /api/reservations responded 200 in 3.9852 ms
2026-05-17 09:24:45.256 -06:00 [INF] HTTP GET /api/reservations responded 200 in 5.5164 ms
2026-05-17 09:24:46.250 -06:00 [INF] HTTP POST /api/reservations/checkout/019e31fd-f379-7816-af98-abc92bed41b3 responded 200 in 19.8287 ms
2026-05-17 09:24:46.987 -06:00 [INF] HTTP GET /api/reservations responded 200 in 5.6658 ms
2026-05-17 09:24:47.000 -06:00 [INF] HTTP GET /api/reservations responded 200 in 5.1963 ms
2026-05-17 09:24:47.823 -06:00 [INF] HTTP GET /api/reservations responded 200 in 4.6843 ms
2026-05-17 09:24:47.836 -06:00 [INF] HTTP GET /api/reservations responded 200 in 5.0937 ms
2026-05-17 09:24:50.596 -06:00 [INF] HTTP POST /api/reservations/checkout/019e3294-250e-7323-aa95-aacb9d8ef2fb responded 200 in 11.0533 ms
2026-05-17 09:24:51.208 -06:00 [INF] HTTP GET /api/reservations responded 200 in 8.1983 ms
2026-05-17 09:24:51.222 -06:00 [INF] HTTP GET /api/reservations responded 200 in 6.8670 ms
2026-05-17 09:24:56.956 -06:00 [INF] HTTP GET /api/guests responded 200 in 50.8452 ms
2026-05-17 09:24:56.963 -06:00 [INF] HTTP GET /api/guests responded 200 in 1.7526 ms
2026-05-17 09:25:10.579 -06:00 [INF] HTTP GET /api/invoices/search responded 200 in 27.5653 ms
2026-05-17 09:25:10.591 -06:00 [INF] HTTP GET /api/invoices/search responded 200 in 6.6900 ms
2026-05-17 09:25:15.561 -06:00 [INF] HTTP GET /api/print/invoice/019e2e3b-47b7-7477-9368-45e150202706/preview responded 200 in 72.3979 ms
2026-05-17 09:25:21.793 -06:00 [INF] HTTP GET /api/print/printers responded 200 in 26.6509 ms
2026-05-17 09:25:21.815 -06:00 [INF] HTTP GET /api/print/printers responded 200 in 6.3828 ms
2026-05-17 09:25:21.871 -06:00 [INF] HTTP GET /api/settings/business responded 200 in 107.6928 ms
2026-05-17 09:25:22.089 -06:00 [INF] HTTP GET /api/settings/business responded 200 in 84.8454 ms
2026-05-17 09:25:23.064 -06:00 [INF] HTTP GET /api/print/test-preview responded 200 in 61.0386 ms
2026-05-17 09:25:35.814 -06:00 [INF] HTTP GET /api/discounts responded 200 in 76.0112 ms
2026-05-17 09:25:35.822 -06:00 [INF] HTTP GET /api/discounts responded 200 in 1.8802 ms
2026-05-17 09:25:40.504 -06:00 [INF] HTTP GET /api/cash-registers responded 200 in 45.6715 ms
2026-05-17 09:25:40.513 -06:00 [INF] HTTP GET /api/cash-registers responded 200 in 2.4582 ms
2026-05-17 09:25:41.538 -06:00 [INF] HTTP GET /api/cai responded 200 in 35.6142 ms
2026-05-17 09:25:41.545 -06:00 [INF] HTTP GET /api/cai responded 200 in 2.4673 ms
2026-05-17 09:25:42.628 -06:00 [INF] HTTP GET /api/invoices/search responded 200 in 7.7892 ms
2026-05-17 09:25:42.642 -06:00 [INF] HTTP GET /api/invoices/search responded 200 in 8.0182 ms
2026-05-17 09:25:44.121 -06:00 [INF] HTTP GET /api/cash-registers responded 200 in 4.6193 ms
2026-05-17 09:25:44.127 -06:00 [INF] HTTP GET /api/cash-registers responded 200 in 1.5419 ms
2026-05-17 09:25:44.557 -06:00 [INF] HTTP GET /api/cai responded 200 in 1.8472 ms
2026-05-17 09:25:44.565 -06:00 [INF] HTTP GET /api/cai responded 200 in 2.6990 ms
2026-05-17 09:25:45.007 -06:00 [INF] HTTP GET /api/invoices/search responded 200 in 5.6572 ms
2026-05-17 09:25:45.017 -06:00 [INF] HTTP GET /api/invoices/search responded 200 in 5.5447 ms
2026-05-17 09:25:46.153 -06:00 [INF] HTTP GET /api/guests responded 200 in 1.7825 ms
2026-05-17 09:25:46.165 -06:00 [INF] HTTP GET /api/guests responded 200 in 3.5571 ms
2026-05-17 09:25:46.642 -06:00 [INF] HTTP GET /api/reservations responded 200 in 3.3010 ms
2026-05-17 09:25:46.652 -06:00 [INF] HTTP GET /api/reservations responded 200 in 3.5480 ms
