/home/vm/Projects/erp-hotel/backend/src/hotel-erp.Api/hotel-erp.Api.csproj : warning NU1510: PackageReference System.Text.Encoding.CodePages will not be pruned. Consider removing this package from your dependencies, as it is likely unnecessary.
/home/vm/Projects/erp-hotel/backend/src/hotel-erp.Api/Database/Repositories/InvoiceRepository.cs(27,199): warning CS8602: Dereference of a possibly null reference. [/home/vm/Projects/erp-hotel/backend/src/hotel-erp.Api/hotel-erp.Api.csproj]
/home/vm/Projects/erp-hotel/backend/src/hotel-erp.Api/Services/EscPosService.cs(299,33): warning CA1416: This call site is reachable on all platforms. 'Bitmap' is only supported on: 'windows' 6.1 and later. (https://learn.microsoft.com/dotnet/fundamentals/code-analysis/quality-rules/ca1416) [/home/vm/Projects/erp-hotel/backend/src/hotel-erp.Api/hotel-erp.Api.csproj]
/home/vm/Projects/erp-hotel/backend/src/hotel-erp.Api/Services/EscPosService.cs(301,49): warning CA1416: This call site is reachable on all platforms. 'Image.Width' is only supported on: 'windows' 6.1 and later. (https://learn.microsoft.com/dotnet/fundamentals/code-analysis/quality-rules/ca1416) [/home/vm/Projects/erp-hotel/backend/src/hotel-erp.Api/hotel-erp.Api.csproj]
/home/vm/Projects/erp-hotel/backend/src/hotel-erp.Api/Services/EscPosService.cs(298,33): warning CA1416: This call site is reachable on all platforms. 'Image.FromStream(Stream)' is only supported on: 'windows' 6.1 and later. (https://learn.microsoft.com/dotnet/fundamentals/code-analysis/quality-rules/ca1416) [/home/vm/Projects/erp-hotel/backend/src/hotel-erp.Api/hotel-erp.Api.csproj]
/home/vm/Projects/erp-hotel/backend/src/hotel-erp.Api/Services/EscPosService.cs(304,43): warning CA1416: This call site is reachable on all platforms. 'Image.Width' is only supported on: 'windows' 6.1 and later. (https://learn.microsoft.com/dotnet/fundamentals/code-analysis/quality-rules/ca1416) [/home/vm/Projects/erp-hotel/backend/src/hotel-erp.Api/hotel-erp.Api.csproj]
/home/vm/Projects/erp-hotel/backend/src/hotel-erp.Api/Services/EscPosService.cs(305,43): warning CA1416: This call site is reachable on all platforms. 'Image.Height' is only supported on: 'windows' 6.1 and later. (https://learn.microsoft.com/dotnet/fundamentals/code-analysis/quality-rules/ca1416) [/home/vm/Projects/erp-hotel/backend/src/hotel-erp.Api/hotel-erp.Api.csproj]
/home/vm/Projects/erp-hotel/backend/src/hotel-erp.Api/Services/EscPosService.cs(324,42): warning CA1416: This call site is reachable on all platforms. 'Bitmap.GetPixel(int, int)' is only supported on: 'windows' 6.1 and later. (https://learn.microsoft.com/dotnet/fundamentals/code-analysis/quality-rules/ca1416) [/home/vm/Projects/erp-hotel/backend/src/hotel-erp.Api/hotel-erp.Api.csproj]
/home/vm/Projects/erp-hotel/backend/src/hotel-erp.Api/Services/EscPosService.cs(302,50): warning CA1416: This call site is reachable on all platforms. 'Image.Height' is only supported on: 'windows' 6.1 and later. (https://learn.microsoft.com/dotnet/fundamentals/code-analysis/quality-rules/ca1416) [/home/vm/Projects/erp-hotel/backend/src/hotel-erp.Api/hotel-erp.Api.csproj]
/home/vm/Projects/erp-hotel/backend/src/hotel-erp.Api/Services/EscPosService.cs(306,37): warning CA1416: This call site is reachable on all platforms. 'Bitmap' is only supported on: 'windows' 6.1 and later. (https://learn.microsoft.com/dotnet/fundamentals/code-analysis/quality-rules/ca1416) [/home/vm/Projects/erp-hotel/backend/src/hotel-erp.Api/hotel-erp.Api.csproj]
  hotel-erp.Api -> /home/vm/Projects/erp-hotel/docs/auditoria-2026-09-06/pruebas/backend-build/hotel-erp.Api.dll

Build succeeded.

/home/vm/Projects/erp-hotel/backend/src/hotel-erp.Api/hotel-erp.Api.csproj : warning NU1510: PackageReference System.Text.Encoding.CodePages will not be pruned. Consider removing this package from your dependencies, as it is likely unnecessary.
/home/vm/Projects/erp-hotel/backend/src/hotel-erp.Api/Database/Repositories/InvoiceRepository.cs(27,199): warning CS8602: Dereference of a possibly null reference. [/home/vm/Projects/erp-hotel/backend/src/hotel-erp.Api/hotel-erp.Api.csproj]
/home/vm/Projects/erp-hotel/backend/src/hotel-erp.Api/Services/EscPosService.cs(299,33): warning CA1416: This call site is reachable on all platforms. 'Bitmap' is only supported on: 'windows' 6.1 and later. (https://learn.microsoft.com/dotnet/fundamentals/code-analysis/quality-rules/ca1416) [/home/vm/Projects/erp-hotel/backend/src/hotel-erp.Api/hotel-erp.Api.csproj]
/home/vm/Projects/erp-hotel/backend/src/hotel-erp.Api/Services/EscPosService.cs(301,49): warning CA1416: This call site is reachable on all platforms. 'Image.Width' is only supported on: 'windows' 6.1 and later. (https://learn.microsoft.com/dotnet/fundamentals/code-analysis/quality-rules/ca1416) [/home/vm/Projects/erp-hotel/backend/src/hotel-erp.Api/hotel-erp.Api.csproj]
/home/vm/Projects/erp-hotel/backend/src/hotel-erp.Api/Services/EscPosService.cs(298,33): warning CA1416: This call site is reachable on all platforms. 'Image.FromStream(Stream)' is only supported on: 'windows' 6.1 and later. (https://learn.microsoft.com/dotnet/fundamentals/code-analysis/quality-rules/ca1416) [/home/vm/Projects/erp-hotel/backend/src/hotel-erp.Api/hotel-erp.Api.csproj]
/home/vm/Projects/erp-hotel/backend/src/hotel-erp.Api/Services/EscPosService.cs(304,43): warning CA1416: This call site is reachable on all platforms. 'Image.Width' is only supported on: 'windows' 6.1 and later. (https://learn.microsoft.com/dotnet/fundamentals/code-analysis/quality-rules/ca1416) [/home/vm/Projects/erp-hotel/backend/src/hotel-erp.Api/hotel-erp.Api.csproj]
/home/vm/Projects/erp-hotel/backend/src/hotel-erp.Api/Services/EscPosService.cs(305,43): warning CA1416: This call site is reachable on all platforms. 'Image.Height' is only supported on: 'windows' 6.1 and later. (https://learn.microsoft.com/dotnet/fundamentals/code-analysis/quality-rules/ca1416) [/home/vm/Projects/erp-hotel/backend/src/hotel-erp.Api/hotel-erp.Api.csproj]
/home/vm/Projects/erp-hotel/backend/src/hotel-erp.Api/Services/EscPosService.cs(324,42): warning CA1416: This call site is reachable on all platforms. 'Bitmap.GetPixel(int, int)' is only supported on: 'windows' 6.1 and later. (https://learn.microsoft.com/dotnet/fundamentals/code-analysis/quality-rules/ca1416) [/home/vm/Projects/erp-hotel/backend/src/hotel-erp.Api/hotel-erp.Api.csproj]
/home/vm/Projects/erp-hotel/backend/src/hotel-erp.Api/Services/EscPosService.cs(302,50): warning CA1416: This call site is reachable on all platforms. 'Image.Height' is only supported on: 'windows' 6.1 and later. (https://learn.microsoft.com/dotnet/fundamentals/code-analysis/quality-rules/ca1416) [/home/vm/Projects/erp-hotel/backend/src/hotel-erp.Api/hotel-erp.Api.csproj]
/home/vm/Projects/erp-hotel/backend/src/hotel-erp.Api/Services/EscPosService.cs(306,37): warning CA1416: This call site is reachable on all platforms. 'Bitmap' is only supported on: 'windows' 6.1 and later. (https://learn.microsoft.com/dotnet/fundamentals/code-analysis/quality-rules/ca1416) [/home/vm/Projects/erp-hotel/backend/src/hotel-erp.Api/hotel-erp.Api.csproj]
    10 Warning(s)
    0 Error(s)

Time Elapsed 00:00:18.11
