2026-09-06 23:23:52.226 CST [4] LOG:  starting PostgreSQL 18.6 on x86_64-pc-linux-gnu, compiled by gcc (GCC) 16.2.1 20260810, 64-bit
2026-09-06 23:23:52.226 CST [4] LOG:  could not create IPv4 socket for address "127.0.0.1": Operation not permitted
2026-09-06 23:23:52.226 CST [4] WARNING:  could not create listen socket for "127.0.0.1"
2026-09-06 23:23:52.226 CST [4] FATAL:  could not create any TCP/IP sockets
2026-09-06 23:23:52.232 CST [4] LOG:  database system is shut down
2026-09-06 23:26:37.336 CST [20341] LOG:  starting PostgreSQL 18.6 on x86_64-pc-linux-gnu, compiled by gcc (GCC) 16.2.1 20260810, 64-bit
2026-09-06 23:26:37.336 CST [20341] LOG:  listening on IPv4 address "127.0.0.1", port 55439
2026-09-06 23:26:37.337 CST [20341] LOG:  listening on Unix socket "/tmp/.s.PGSQL.55439"
2026-09-06 23:26:37.346 CST [20347] LOG:  database system was shut down at 2026-09-06 23:23:36 CST
2026-09-06 23:26:37.353 CST [20341] LOG:  database system is ready to accept connections
2026-09-06 23:30:07.392 CST [21427] ERROR:  relation "__EFMigrationsHistory" does not exist at character 45
2026-09-06 23:30:07.392 CST [21427] STATEMENT:  SELECT "MigrationId", "ProductVersion"
	FROM "__EFMigrationsHistory"
	ORDER BY "MigrationId"
2026-09-06 23:31:37.443 CST [20345] LOG:  checkpoint starting: time
2026-09-06 23:33:30.536 CST [20345] LOG:  checkpoint complete: wrote 1124 buffers (6.9%), wrote 3 SLRU buffers; 1 WAL file(s) added, 0 removed, 0 recycled; write=112.715 s, sync=0.175 s, total=113.093 s; sync files=493, longest=0.035 s, average=0.001 s; distance=5983 kB, estimate=5983 kB; lsn=0/1D3DF48, redo lsn=0/1D3DEB8
2026-09-06 23:35:17.683 CST [22844] ERROR:  duplicate key value violates unique constraint "IX_Invoices_CAIId_CorrelativeNumber"
2026-09-06 23:35:17.683 CST [22844] DETAIL:  Key ("CAIId", "CorrelativeNumber")=(01a07a5c-f51a-7d20-b2d7-d4f8133a70ee, 001-001-01-00000009) already exists.
2026-09-06 23:35:17.683 CST [22844] STATEMENT:  INSERT INTO "Invoices" ("Id", "AuthorizationDueDateSnapshot", "AuthorizationRangeSnapshot", "CAIId", "CAINumberSnapshot", "CashChange", "CashReceived", "CorrelativeNumber", "CreatedAt", "CustomerAddress", "CustomerId", "CustomerName", "DeletedAt", "DiscountsAmount", "DocumentAuthorizationId", "DocumentType", "ExemptAmount", "ExoneratedAmount", "ExonerationOrderNumber", "FiscalHash", "FiscalSnapshotJson", "GuestId", "ISV15Amount", "ISV18Amount", "ISVAmount", "InvoiceDate", "IsDeleted", "IsIsvExempt", "IsTouristTaxExempt", "OriginalCorrelativeNumber", "OriginalInvoiceId", "PaymentMethod", "RTNCliente", "Reason", "SagRegistryNumber", "SefinExonerationCertificateNumber", "Status", "SubTotal", "TaxableAmount", "TaxpayerType", "TotalAmount", "TouristTaxAmount", "UpdatedAt")
	VALUES ($1, $2, $3, $4, $5, $6, $7, $8, $9, $10, $11, $12, $13, $14, $15, $16, $17, $18, $19, $20, $21, $22, $23, $24, $25, $26, $27, $28, $29, $30, $31, $32, $33, $34, $35, $36, $37, $38, $39, $40, $41, $42, $43)
2026-09-06 23:36:37.636 CST [20345] LOG:  checkpoint starting: time
2026-09-06 23:36:53.038 CST [20345] LOG:  checkpoint complete: wrote 149 buffers (0.9%), wrote 2 SLRU buffers; 0 WAL file(s) added, 0 removed, 0 recycled; write=14.957 s, sync=0.376 s, total=15.402 s; sync files=94, longest=0.035 s, average=0.004 s; distance=106 kB, estimate=5395 kB; lsn=0/1D58948, redo lsn=0/1D588B8
2026-09-06 23:44:29.566 CST [24466] ERROR:  duplicate key value violates unique constraint "IX_Folios_ReservationId"
2026-09-06 23:44:29.566 CST [24466] DETAIL:  Key ("ReservationId")=(01a07a65-867b-707a-a26d-7104d01f2bfb) already exists.
2026-09-06 23:44:29.566 CST [24466] STATEMENT:  INSERT INTO "Folios" ("Id", "ClosingDate", "CreatedAt", "DeletedAt", "GuestId", "IsDeleted", "OpeningDate", "ReservationId", "RoomId", "Status", "TotalAmount", "UpdatedAt")
	VALUES ($1, $2, $3, $4, $5, $6, $7, $8, $9, $10, $11, $12)
2026-09-06 23:46:37.209 CST [20345] LOG:  checkpoint starting: time
2026-09-06 23:46:46.717 CST [20345] LOG:  checkpoint complete: wrote 90 buffers (0.5%), wrote 4 SLRU buffers; 0 WAL file(s) added, 0 removed, 0 recycled; write=9.096 s, sync=0.366 s, total=9.509 s; sync files=70, longest=0.035 s, average=0.006 s; distance=210 kB, estimate=4877 kB; lsn=0/1D8D380, redo lsn=0/1D8D2F0
2026-09-06 23:51:37.757 CST [20345] LOG:  checkpoint starting: time
2026-09-06 23:51:38.979 CST [20345] LOG:  checkpoint complete: wrote 11 buffers (0.1%), wrote 1 SLRU buffers; 0 WAL file(s) added, 0 removed, 0 recycled; write=1.138 s, sync=0.043 s, total=1.222 s; sync files=12, longest=0.017 s, average=0.004 s; distance=12 kB, estimate=4390 kB; lsn=0/1D90630, redo lsn=0/1D905D8
2026-09-07 09:17:49.030 CST [31654] FATAL:  role "vm" does not exist
2026-09-07 09:19:15.521 CST [20345] LOG:  checkpoint starting: time
2026-09-07 09:21:12.351 CST [20345] LOG:  checkpoint complete: wrote 504 buffers (3.1%), wrote 1 SLRU buffers; 0 WAL file(s) added, 0 removed, 1 recycled; write=116.734 s, sync=0.057 s, total=116.830 s; sync files=504, longest=0.033 s, average=0.001 s; distance=9840 kB, estimate=9840 kB; lsn=0/2FF7138, redo lsn=0/272C680
2026-09-07 09:34:15.645 CST [20345] LOG:  checkpoint starting: time
2026-09-07 09:36:07.638 CST [20345] LOG:  checkpoint complete: wrote 1113 buffers (6.8%), wrote 1 SLRU buffers; 0 WAL file(s) added, 0 removed, 0 recycled; write=111.776 s, sync=0.179 s, total=111.993 s; sync files=302, longest=0.008 s, average=0.001 s; distance=9016 kB, estimate=9757 kB; lsn=0/2FFA830, redo lsn=0/2FFA7A0
2026-09-07 09:46:25.876 CST [20341] LOG:  received fast shutdown request
2026-09-07 09:46:25.877 CST [20341] LOG:  aborting any active transactions
2026-09-07 09:46:25.882 CST [20341] LOG:  background worker "logical replication launcher" (PID 20350) exited with exit code 1
2026-09-07 09:46:25.882 CST [20345] LOG:  shutting down
2026-09-07 09:46:25.884 CST [20345] LOG:  checkpoint starting: shutdown immediate
2026-09-07 09:46:25.896 CST [20345] LOG:  checkpoint complete: wrote 0 buffers (0.0%), wrote 0 SLRU buffers; 0 WAL file(s) added, 0 removed, 0 recycled; write=0.001 s, sync=0.001 s, total=0.015 s; sync files=0, longest=0.000 s, average=0.000 s; distance=0 kB, estimate=8782 kB; lsn=0/2FFA8E0, redo lsn=0/2FFA8E0
2026-09-07 09:46:25.927 CST [20341] LOG:  database system is shut down
