(!) Your Vite config uses features that are unsupported by `configLoader: 'native'`, which is planned to become the default in a future major version of Vite:
  - `__dirname` (frontend/vite.config.ts:9:26). Use `import.meta.dirname` instead
Set `VITE_CONFIG_NATIVE_IGNORE_WARNING=true` to suppress this warning.

  VITE v8.2.1  ready in 1768 ms

  ➜  Local:   http://127.0.0.1:5179/
(!) Failed to run dependency scan. Skipping dependency pre-bundling. Error:   Failed to scan for dependencies from entries:
  /home/vm/Projects/erp-hotel/frontend/index.html
/home/vm/Projects/erp-hotel/frontend/dist/index.html

  Build failed with 2 errors:

[31m[PARSE_ERROR] [0mExpected `}` but found `EOF`
     [38;5;246m╭[0m[38;5;246m─[0m[38;5;246m[[0m frontend/src/pages/accounting/ChartOfAccountsPage.tsx:383:2 [38;5;246m][0m
     [38;5;246m│[0m
 [38;5;246m119 │[0m [38;5;249me[0m[38;5;249mx[0m[38;5;249mp[0m[38;5;249mo[0m[38;5;249mr[0m[38;5;249mt[0m[38;5;249m [0m[38;5;249md[0m[38;5;249me[0m[38;5;249mf[0m[38;5;249ma[0m[38;5;249mu[0m[38;5;249ml[0m[38;5;249mt[0m[38;5;249m [0m[38;5;249mf[0m[38;5;249mu[0m[38;5;249mn[0m[38;5;249mc[0m[38;5;249mt[0m[38;5;249mi[0m[38;5;249mo[0m[38;5;249mn[0m[38;5;249m [0m[38;5;249mC[0m[38;5;249mh[0m[38;5;249ma[0m[38;5;249mr[0m[38;5;249mt[0m[38;5;249mO[0m[38;5;249mf[0m[38;5;249mA[0m[38;5;249mc[0m[38;5;249mc[0m[38;5;249mo[0m[38;5;249mu[0m[38;5;249mn[0m[38;5;249mt[0m[38;5;249ms[0m[38;5;249mP[0m[38;5;249ma[0m[38;5;249mg[0m[38;5;249me[0m[38;5;249m([0m[38;5;249m)[0m[38;5;249m [0m{
 [38;5;240m    │[0m                                               ┬  
 [38;5;240m    │[0m                                               ╰── Opened here
 [38;5;240m    │[0m 
 [38;5;246m383 │[0m 
 [38;5;240m    │[0m  │ 
 [38;5;240m    │[0m  ╰─ `}` expected
[38;5;246m─────╯[0m

[31m[PARSE_ERROR] [0mUnterminated regular expression
     [38;5;246m╭[0m[38;5;246m─[0m[38;5;246m[[0m frontend/src/pages/reservations/CheckInPage.tsx:179:12 [38;5;246m][0m
     [38;5;246m│[0m
 [38;5;246m179 │[0m [38;5;249m [0m[38;5;249m [0m[38;5;249m [0m[38;5;249m [0m[38;5;249m [0m[38;5;249m [0m[38;5;249m [0m[38;5;249m [0m[38;5;249m [0m[38;5;249m [0m[38;5;249m<[0m/div>
 [38;5;240m    │[0m            ───┬──  
 [38;5;240m    │[0m               ╰──── 
[38;5;246m─────╯[0m

    at aggregateBindingErrorsIntoJsError (file:///home/vm/Projects/erp-hotel/frontend/node_modules/.pnpm/rolldown@1.2.3/node_modules/rolldown/dist/shared/error-BzLGqhSQ.mjs:48:18)
    at unwrapBindingResult (file:///home/vm/Projects/erp-hotel/frontend/node_modules/.pnpm/rolldown@1.2.3/node_modules/rolldown/dist/shared/error-BzLGqhSQ.mjs:18:128)
    at scan (file:///home/vm/Projects/erp-hotel/frontend/node_modules/.pnpm/rolldown@1.2.3/node_modules/rolldown/dist/experimental-index.mjs:212:3)
    at async Object.build (file:///home/vm/Projects/erp-hotel/frontend/node_modules/.pnpm/vite@8.2.1_@types+node@24.13.3_jiti@2.7.0/node_modules/vite/dist/node/chunks/node.js:31412:3)
    at async scan (file:///home/vm/Projects/erp-hotel/frontend/node_modules/.pnpm/vite@8.2.1_@types+node@24.13.3_jiti@2.7.0/node_modules/vite/dist/node/chunks/node.js:31351:4)
    at async file:///home/vm/Projects/erp-hotel/frontend/node_modules/.pnpm/vite@8.2.1_@types+node@24.13.3_jiti@2.7.0/node_modules/vite/dist/node/chunks/node.js:34370:15
11:47:26 PM [vite] (client) dependency optimized: react-dom/client
11:47:27 PM [vite] (client) dependencies optimized: @tanstack/react-query, clsx, lucide-react, react-router-dom, tailwind-merge, zustand
11:47:27 PM [vite] (client) optimized dependencies changed. reloading
11:47:30 PM [vite] (client) dependency optimized: axios
